fr4nk
123456
12345
123456789
password
iloveyou
princess
1234567
rockyou
12345678
abc123
nicole
daniel
babygirl
monkey
lovely
jessica
654321
michael
ashley
qwerty
111111
iloveu
000000
michelle
tigger
sunshine
chocolate
password1
soccer
anthony
friends
butterfly
purple
angel
jordan
liverpool
justin
loveme
fuckyou
123123
football
secret
andrea
carlos
jennifer
joshua
bubbles
1234567890
superman
hannah
amanda
loveyou
pretty
basketball
andrew
angels
tweety
flower
playboy
hello
elizabeth
hottie
tinkerbell
charlie
samantha
barbie
chelsea
lovers
teamo
jasmine
brandon
666666
shadow
melissa
eminem
matthew
robert
danielle
forever
family
jonathan
987654321
computer
whatever
dragon
vanessa
cookie
naruto
summer
sweety
spongebob
joseph
junior
softball
taylor
yellow
daniela
lauren
mickey
princesa
alexandra
alexis
jesus
estrella
miguel
william
thomas
beautiful
mylove
angela
poohbear
patrick
iloveme
sakura
adrian
alexander
destiny
christian
121212
sayang
america
dancer
monica
richard
112233
princess1
555555
diamond
carolina
steven
rangers
louise
orange
789456
999999
shorty
11111
nathan
snoopy
gabriel
hunter
cherry
killer
sandra
alejandro
buster
george
brittany
alejandra
patricia
rachel
tequiero
7777777
cheese
159753
arsenal
dolphin
antonio
heather
david
ginger
stephanie
peanut
blink182
sweetie
222222
beauty
987654
victoria
honey
00000
fernando
pokemon
maggie
corazon
chicken
pepper
cristina
rainbow
kisses
manuel
myspace
rebelde
angel1
ricardo
babygurl
heaven
55555
baseball
martin
greenday
november
alyssa
madison
mother
123321
123abc
mahalkita
batman
september
december
morgan
mariposa
maria
gabriela
iloveyou2
bailey
jeremy
pamela
kimberly
gemini
shannon
pictures
asshole
sophie
jessie
hellokitty
claudia
babygirl1
angelica
austin
mahalko
victor
horses
tiffany
mariana
eduardo
andres
courtney
booboo
kissme
harley
ronaldo
iloveyou1
precious
october
inuyasha
peaches
veronica
chris
888888
adriana
cutie
james
banana
prince
friend
jesus1
crystal
celtic
zxcvbnm
edward
oliver
diana
samsung
freedom
angelo
kenneth
master
scooby
carmen
456789
sebastian
rebecca
jackie
spiderman
christopher
karina
johnny
hotmail
0123456789
school
barcelona
august
orlando
samuel
cameron
slipknot
cutiepie
monkey1
50cent
bonita
kevin
bitch
maganda
babyboy
casper
brenda
adidas
kitten
karen
mustang
isabel
natalie
cuteako
javier
789456123
123654
sarah
bowwow
portugal
laura
777777
marvin
denise
tigers
volleyball
jasper
rockstar
january
fuckoff
alicia
nicholas
flowers
cristian
tintin
bianca
chrisbrown
chester
101010
smokey
silver
internet
sweet
strawberry
garfield
dennis
panget
francis
cassie
benfica
love123
696969
asdfgh
lollipop
olivia
cancer
camila
qwertyuiop
superstar
harrypotter
ihateyou
charles
monique
midnight
vincent
christine
apples
scorpio
jordan23
lorena
andreea
mercedes
katherine
charmed
abigail
rafael
icecream
mexico
brianna
nirvana
aaliyah
pookie
johncena
lovelove
fucker
abcdef
benjamin
131313
gangsta
brooke
333333
hiphop
aaaaaa
mybaby
sergio
welcome
metallica
julian
travis
myspace1
babyblue
sabrina
michael1
jeffrey
stephen
love
dakota
catherine
badboy
fernanda
westlife
blondie
sasuke
smiley
jackson
simple
melanie
steaua
dolphins
roberto
fluffy
teresa
piglet
ronald
slideshow
asdfghjkl
minnie
newyork
jason
raymond
santiago
jayson
88888888
5201314
jerome
gandako
muffin
gatita
babyko
246810
sweetheart
chivas
ladybug
kitty
popcorn
alberto
valeria
cookies
leslie
jenny
nicole1
12345678910
leonardo
jayjay
liliana
dexter
sexygirl
232323
amores
rockon
christ
babydoll
anthony1
marcus
bitch1
fatima
miamor
lover
chris1
single
eeyore
lalala
252525
scooter
natasha
skittles
brooklyn
colombia
159357
teddybear
winnie
happy
manutd
123456a
britney
katrina
christina
pasaway
cocacola
mahal
grace
linda
albert
tatiana
london
cantik
0123456
lakers
marie
teiubesc
147258369
charlotte
natalia
francisco
amorcito
smile
paola
angelito
manchester
hahaha
elephant
mommy1
shelby
147258
kelsey
genesis
amigos
snickers
xavier
turtle
marlon
linkinpark
claire
stupid
147852
marina
garcia
fuckyou1
diego
brandy
letmein
hockey
444444
sharon
bonnie
spider
iverson
andrei
justine
frankie
pimpin
disney
rabbit
54321
fashion
soccer1
red123
bestfriend
england
hermosa
456123
qazwsx
bandit
danny
allison
emily
102030
lucky1
sporting
miranda
dallas
hearts
camille
wilson
potter
pumpkin
iloveu2
number1
katie
guitar
212121
truelove
jayden
savannah
hottie1
phoenix
monster
player
ganda
people
scotland
nelson
jasmin
timothy
onelove
ilovehim
shakira
estrellita
bubble
smiles
brandon1
sparky
barney
sweets
parola
evelyn
familia
love12
nikki
motorola
florida
omarion
monkeys
loverboy
elijah
joanna
canada
ronnie
mamita
emmanuel
thunder
999999999
broken
rodrigo
maryjane
westside
california
lucky
mauricio
yankees
jackass
jamaica
justin1
amigas
preciosa
shopping
flores
mariah
matrix
isabella
tennis
trinity
jorge
sunflower
kathleen
bradley
cupcake
hector
martinez
elaine
robbie
friendster
cheche
gracie
connor
hello1
valentina
melody
darling
sammy
jamie
santos
abcdefg
joanne
candy
fuckyou2
loser
dominic
pebbles
sunshine1
swimming
millie
loving
gangster
blessed
compaq
taurus
gloria
tyler
aaron
darkangel
kitkat
megan
dreams
sweetpea
bettyboop
jessica1
cynthia
cheyenne
ferrari
dustin
iubire
a123456
snowball
purple1
violet
darren
starwars
bestfriends
inlove
kelly
batista
karla
sophia
chacha
biteme
marian
sydney
sexyme
pogiako
gerald
jordan1
010203
daddy1
zachary
daddysgirl
billabong
carebear
froggy
pinky
erika
oscar
skater
raiders
nenita
tigger1
ashley1
charlie1
gatito
lokita
maldita
buttercup
nichole
bambam
nothing
glitter
bella
amber
apple
123789
sister
zacefron
tokiohotel
loveya
lindsey
money
lovebug
bubblegum
marissa
dreamer
darkness
cecilia
lollypop
nicolas
google
lindsay
cooper
passion
kristine
green
puppies
ariana
fuckme
chubby
raquel
lonely
anderson
sammie
sexybitch
mario
butter
willow
roxana
mememe
caroline
susana
kristen
baller
hotstuff
carter
stacey
babylove
angelina
miller
scorpion
sierra
playgirl
sweet16
012345
rocker
bhebhe
gustavo
marcos
chance
123qwe
kayla
james1
football1
eagles
loveme1
milagros
stella
lilmama
beyonce
lovely1
rocky
daddy
catdog
armando
margarita
151515
loves
lolita
202020
gerard
undertaker
amistad
williams
qwerty1
freddy
capricorn
caitlin
bryan
delfin
dance
cheerleader
password2
PASSWORD
martha
lizzie
georgia
matthew1
enrique
zxcvbn
badgirl
andrew1
141414
11111111
dancing
cuteme
booger
amelia
vampire
skyline
chiquita
angeles
scoobydoo
janine
tamara
carlitos
money1
sheila
justme
ireland
kittycat
hotdog
yamaha
tristan
harvey
israel
legolas
michelle1
maddie
angie
cinderella
jesuschrist
lester
ashton
ilovejesus
tazmania
remember
xxxxxx
tekiero
thebest
princesita
lucky7
jesucristo
peewee
paloma
buddy1
deedee
miriam
april
patches
regina
janice
cowboys
myself
lipgloss
jazmin
rosita
happy1
felipe
chichi
pangit
mierda
genius
741852963
hernandez
awesome
walter
tinker
arturo
silvia
melvin
celeste
pussycat
gorgeous
david1
molly
honeyko
mylife
animal
penguin
babyboo
loveu
simpsons
lupita
boomer
panthers
hollywood
alfredo
musica
johnson
ilovegod
hawaii
sparkle
kristina
sexymama
crazy
valerie
spencer
scarface
hardcore
098765
00000000
winter
hailey
trixie
hayden
micheal
wesley
242424
0987654321
marisol
nikita
daisy
jeremiah
pineapple
mhine
isaiah
christmas
cesar
lolipop
butterfly1
chloe
lawrence
xbox360
sheena
murphy
madalina
anamaria
gateway
debbie
yourmom
blonde
jasmine1
please
bubbles1
jimmy
beatriz
poopoo
diamonds
whitney
friendship
sweetness
pauline
desiree
trouble
741852
united
marley
brian
barbara
hannah1
bananas
julius
leanne
sandy
marie1
anita
lover1
chicago
twinkle
pantera
february
birthday
shadow1
qwert
bebita
87654321
twilight
imissyou
pollito
ashlee
tucker
cookie1
shelly
catalina
147852369
beckham
simone
nursing
iloveyou!
eugene
torres
damian
123123123
joshua1
bobby
babyface
andre
donald
daniel1
panther
dinamo
mommy
juliana
jaydan
jason25
jason143
jasmine10
janie
jamiroquai
jamarcus
jamaine
jake22
jade11
jacob22
jabbar
iwillsurvive
itsover
inuyasha2
intsik
integra1
impresora
imissyou2
iluvjc
iloveyoulord
iloveyou20
iloves
iloverich
iloveneil
iloveme14
ilovekayla
ilovedick
ilovecody1
iloveanna
iloveallah
huggie
hotty123
hotty101
hellsbells
harrington
happy101
hangman
hallelujah
gwaping
gummy
guido
griffey
greenland
grange
grad07
gracie3
gotti1
goodwill
gomenasai
globe
gemma123
garces
gallos
gabbana
fun123
fuckit2
freedom7
foxy123
flute
floris
flordeliza
flakes
february14
fatkid
fatface
farmasi
family!
faith06
fabolous1
ezekiel1
evenstar
ethan2
estoyloca
españa
ericka1
erasmo
engine
emo4ever
emma07
emilyb
emily07
elianita
elayne
elaiza
einalem
edward3
edward17
edward123
eddie2
earthangel
duvalin
drummond
dreamlover
dragon99
dragon9
doofus
donnah
domenico
dogs
diva
disneychannel
diamond13
derrell
dequan
demetri
deivid
dazza
danique
daniel25
dani12
dancer18
danceing
dallas01
culinary
cuddly
crocodil
cristiano7
coyotes
cortez1
corazondemelon
coolbaby
cookie16
connor01
communication
colina
coitus
cmoney
claribel
claret
cincin
chunks
chris27
chris26
chris02
chris#1
choche
chloe02
chikita1
chelski
cheer18
charmer
charlot
chardonnay
centro
cayden1
cattle
catsdogs
cats12
catalina1
carmen123
carlton1
capuchino
cangrejo
caleb06
caicai
c1234567
butterfly69
butchy
bunda
bulbul
buford
bueno
bubbles07
brian21
braiden
boyracer
bowie
bosnia
booper
bookmark
booger2
bolillo
bobby13
bluecrush
blubber
blondebabe
blackey
blackdevil
biologi
biatch1
betsy1
bertrand
belita
becks
beckam
beabea
baseball23
barbie14
banana5
ballin07
baller4
baller14
bahalaka
babyt
babygirl33
babyco
babyboy123
babbygirl
azazaz
asyraf
astra
asswipe1
asswhole
ashley87
ashers
arturoteamo
aranda
apple23
apolonia
antologia
anthony09
anthony.
anne123
angela2
andrea18
andrea14
andre123
analsex
anaheim
amigasx100pre
amauri
alyssa4
alyssa07
alyssa06
allens
allain
alexis04
alejandrosanz
alancito
airish
agentx44
afifah
adytza
adita
accent
abcdefghijklmnop
aaronm
aaron11
aaron01
YANKEE
Thunder
Silver
Samuel
SOLEDAD
SINGLE
SEXY69
SELENA
Rocky
ROCHELLE
PAPITO
Muffin
MOTOROLA
LUISITO
LUCERO
LORENZO
LAWRENCE
LANENA
Kathleen
JOANNE
IHATEYOU
GUILLERMO
GREEN1
Frankie
FAMILY1
Dominic
DUSTIN
CHINITA
CALVIN
Butterfly1
Billabong
BREANNA
BARBARA
BABYBOO
891011
777555
718293
699669
66mustang
65mustang
5150
50-cent
4444
3kings
301085
290986
290693
290192
281285
280988
280791
280693
280192
271286
270986
270984
270888
270386
270292
261291
260693
260192
252600
251206
251106
250491
250193
241995
241285
240887
240792
240593
240592
240492
231991
230884
230494
230285
221988
221193
220685
220394
220291
210991
210685
210393
200793
200787
200784
200506
1banana
199600
198922
198920
198723
198705
190987
181093
180789
170986
170984
170893
170587
170586
170391
170292
160887
160585
160489
151193
150189
143baby
143214
141982
140387
13311331
130685
130385
12stones
123qwerty
123654987
12345687
123456789+
1234456
122982
122893
122881
122593
122381
12231223
121885
121107
120804
120308
120183
120104
112406
112404
112284
111976
111905
111386
111207
111181
111116
111007
110994
103102
102694
102084
101894
101803
101593
101482
101383
101196
100895
100883
100694
100495
100106
100101
100%sexy
100%angel
092990
092891
092405
091488
091204
090507
090506
090505
081788
081283
081185
080895
080694
080486
080386
080185
072806
071588
070986
070907
070592
070107
062686
062290
060802
060584
053087
052486
051806
050494
050186
042689
042489
041587
041204
041107
040993
040307
033090
032989
032688
032489
032392
032188
031587
031489
031488
031284
031283
031095
030905
030308
030304
022587
022492
021485
021095
020695
020694
02020202
012490
012388
011993
011084
010696
010608
010584
010181
007008
zuniga
zambia
zakiah
zachary2
zach
yunuen
yourmomma
yinyin
yellow25
william07
whocares1
whitehorse
whereisthelove
wanie
waffles1
vote4pedro
volkswagon
vick07
verysexy
vball14
vashti
vanna
vampiros
uuuuu
uglybetty
uganda
tyler10
tweety9
tweety101
tulipa
trick
toosweet
tony14
titis
titan1
tink06
tiktik
tigers7
tifani
thinker
thegirl
temper
tbaby
tashie
tanner2
taisha
swimfan
sweetcakes
sweeet
swagger
surigao
surf
supervisor
superman8
sunshine16
summerfun
sugar7
stars5
star03
standbyme
squeaker
spike2
soysuper
somewhere
soloparami
soccer26
smokey01
smiley2
sleep
skyblue1
skittles7
skeet
skapunk
skank1
sissy2
singleton
showmethemoney
shotgun1
shoppin
sheashea
shay123
shadowfax
shadow6
shadow07
shadmoss1
sexy94
sexy31
sexxie
september21
sept30
sentinel
seinfeld
scotts
schoolbus
sayson
sassys
sarah07
sandman1
sandler
sandking
sadiedog
run4fun
rugby123
royce
roxy21
roxann
rossel
rose15
romero1
romelyn
rockband
ripmom
ricky12
rhoda
reymisterio619
reydereyes
reeses1
rbdrbd
rb26dett
rayshawn
raven2
ratedr
rainrain
railroad
quinton1
qazwsxedc1
pyramid1
purple27
puppy3
pumass
puccaygaru
pretty22
pratiwi
popcorn3
poopypants
poohbear07
pooh05
pogita
pipkin
pinkers
pimpin3
pimpen
peewee2
peaces
patriots12
parati
papito1
paige12
overdrive
ottawa
orlandob
omar13
ollie123
nwo4life
nothin
nostalgia
noone
noentry
nikkie1
nikki5
nicole28
nicolasa
nemanja
nathan08
natasja
nascar48
najihah
nainai
mylove123
mustang05
mujiyd
morphine
morais
mooooo
montecristo
monique2
mommy10
mom101
molly7
misty12
miryam
minnie12
minako
mimimimi
mikomi
midland
micron
michelle17
michael24
mhine17
merrill
mercury1
melissa3
melida
meatballs
mayorga
maylene
mayamaya
max1234
maruchan
mark10
mariwana
manuel13
mantorras
manpreet
mamitequiero
malukita
maltesers
makemyday
makassar
majal
maggie5
mafias
mababy
lynda
luzmarina
luvgod
luv2sing
lulubell
luisamaria
lucy1
lucky88
lucie
lovesexy
lover10
love6969
love36
love2shop
lourdes1
loudmouth
losiento
lontong
lokote
logan06
llewellyn
liverpool11
littlered
lisbet
linnea
lindsaylohan
lily12
lillee
libbie
legendkiller
leedsfc
laurateamo
laura13
laulau
latina12
lady01
korazon
kleopatra
killer666
killall
kharla
kevin16
kevin05
kester
keegan1
katharina
kate12
karenjoy
karen13
karem
kankan
kandace
kaleido
k123456789
juvelyn
justin99
justin09
justdance
junebaby
juansebastian
juanfer
joyces
joshua6
josh18
joseph11
josepablo
joints
joeyjoey
joey23
joebob
joanita
jimmyboy
jhoncito
jhoann
jellytot
jazzy13
jaylin1
jasont
jarren
jannelle
jamiem
jamie7
jamell
jamar1
jacob14
itzelita
ittybitty
itsme1
ismell
iseeyou
infotech
indie
iluvhorses
ilovezoe
ilovesteph
ilovemonkeys
ilovedom
ilovebeth
iloveamanda
hyuuga
hyper1
huskies1
hottie94
hopeful1
hometown
holly2
holaz
holabebe
hockey5
hewitt
hesthe1
hermanito
helmet
hello69
hellas
headshot
harrie
happyboy
happy4u
hansolo
haleigh1
gwapame
greentree
green69
green day
grammar
grace7
goeagles
god1st
glittergirl
gizmoo
gilera
getoverit
getaway
gemini13
gamarra
gagang
g-unot
freakazoid
fourteen14
fortminor
forever23
food123
flower01
flicker
five55
finish
ferchito
fcsteaua
fawkes
fatoumata
explorer1
everquest
evangelina
estong
esteban1
esmeralda1
erika123
erica123
eric14
ellena
elcamino
easyas123
eagles12
duffer
duday
dublin1
drizzt
dorito
dopey1
dogs12
division
diva1
dirtbikes
diamond5
dharan
dewayne1
devil123
deontae
dentistry
dell
deadend
dayton1
davidcook
david88
darrien
danielateamo
daniel9
dancestar
dancergirl
cuteq
cute4ever
crimson1
crater
craigdavid
cowgirls
cow123
coralie
copacabana
cookie08
condon
coke123
co2004
cletus
classof04
clarinete
chupachups
christ7
chile
children5
chi-town
chevelle1
chanice
cecily
cayenne
candy18
buzzybee
buttercup2
buttbutt
bullock
bulilit
builder
buffett
buddy14
buboy
bubbles15
bubba7
brooklynn1
brianna4
breeanna
breakers
boysrule
boopie
bonitas
bobdole
boazona
blowpop
bless1
biologie
bigdawg
bigcat
bheby
bestia
belly1
belinea
beebop
bebe11
bball25
battyboy
batistuta
barbie10
bandit2
baloon
balls1
ballin2
baller11
bakero
bakedbeans
bailey04
badguy
babyy
babylee
babygirl89
babygirl03
babychris
baby93
baby2005
babette
azalia
ayana
avenue
atasha
asshole12
ashland
arminda
antichrist
angyalka
andy1
andrew17
analy
anabell
amor21
amor18
alyssa7
alwaysandforever
alonzo1
alkaline
alex4ever
alecsandra
akulah
ainokea
african
adris
adelyn
abcd12
abc456
aarond
a4tech
Yankees
Victor
Shadow1
SWEETS
SUNSHINE1
SPIDER
SMILE
SKITTLES
SEXYLADY
SAGITARIO
RAVEN
Pictures
PUSSY1
PANGIT
Mariana
MALDITA
Leonardo
JesusChrist
James1
JOHANA
JOANNA
GONZALEZ
G-UNIT
ESTHER
ERICA
EMILIO
CINDY
CHERRY1
CHECHE
CHARLOTTE
CASTILLO
CAPRICORN
Beautiful1
BERNARD
BADGIRL
Angelica
ANDREITA
ALISON
789521
753951852456
7415963
654456
50 cent
4money
4meonly
44448888
444444444
369874
311085
300687
300389
2fly4u
291995
290492
281284
280593
280493
280188
270887
270291
261288
260186
25241981
25162516
251093
250785
250693
250485
241985
241194
240486
240391
231185
230993
230785
230187
230186
221293
221185
220586
220386
211186
210893
210694
210495
200786
2007
200288
1dolphin
199306
199205
199113
199019
198908
198787
198321
19681968
191092
190887
190692
190291
190191
190188
181293
180293
171995
170888
170885
170188
161194
161086
160594
159753258
150485
150191
150187
141085
140394
135799
1357913579
130792
123456i
123456789p
12345678912345
123192
123123123123
122786
122493
122492
122491
122284
122283
121506
121404
120780
120603
120181
112585
112493
112282
112182
112106
112007
111889
111385
110202
102707
102480
102406
102003
101978
101295
10121991
10101992
101002
100680
100505
092491
091979
091586
091107
091104
090105
082806
082287
081195
081107
080794
080107
072189
070704
070307
062490
060784
052790
050804
050207
042989
042988
041890
041093
041007
041006
040694
040607
040408
040305
032790
031790
030382
030105
022288
022189
020983
014344
012890
012690
012191
011589
011588
010985
010695
010683
010495
010183
!QAZ1qaz
ๅ/-ภถุ
zvezda
zorro1
zorrita
ziggy123
zezinho
zangetsu
zainal
yuyuyu
yoyong
yosemite
yonkers
yokohama
yodude
yngwie
yhang
yermaw
yeah
xzavier
wowzers
workout
wiskers
winamp
whitesox1
whatever12
whatever.
westside13
westley
watitdo
walsall
volunteer
voleibol
vindicated
vicky123
venture
vball8
vanpersie
umpalumpa
tweety17
turtles1
turtle7
turbos
truck1
trucha
travis2
tonka
tommyg
toinks
togepi
tobby
tinydancer
tinkerbell12
timon
timberwolf
tigers05
tierno
thomas22
thomas18
thine
thepimp
tevita
terrys
tennis12
telefonica
teddybear2
tecson
tecate
teamop
teamomaria
teamoc
teamobeto
taylor15
taufiq
tapout
takeda
swithart
sweettea
suzzie
superme
sunnys
stupid!
stubborn
strickland
strange1
stelistu
spiderweb
sparky123
sonyvaio
sonshine
sonita
solehah
softballchick
snorlax
smiley123
skank
single12
silver3
shooter1
shilpa
shelby123
shay
sharpe
sharks1
shanne
shanaya
shaheen
sexyone1
sexychica
sexxii
sexme
sexandthecity
septian
september5
sept19
sentimental
sensesfail
sempre
semperfi1
seguro
sebring
seany
saranya
sarabia
santeria
sangita
sangay
sandrateamo
sancarlos
samsun
samsara
sammyb
salmah
salima
sadie3
sabroso
ryomaechizen
ryan2006
ryan04
rushhour
roxyroxy
rover1
rosey1
rose24
rodri
robert16
reshma
renee11
renee08
remington1
reecey
rebekka
rebecca2
reading1
rakata
rainbow8
rainbow12
ragazza
rachel13
r0bert
quevedo
quantum
pussycats
puppy13
prince123
pretty14
pretinha
prescott
power3
potato1
porkypig
popolo
pokey1
poekie
plopplop
playmaker
piramida
pippy
pinokio
pinkfairy
pink90
pineapples
pimpsta
philipp
pentagram
pennies
pendejos
pedigree
pechocho
pearce
peanut13
paulica
pathetic
password55
password26
pascale
parkside
papita
paokara
pageup
pablos
oscar3
options
opennow
omarion21
numark
noriko
nokia7610
nilson
nigga12
niall
neyney
newyork7
newworld
nena11
nellys
necromancer
nanna
nalyn
nailah
mynewlife
mymymy
myboyz
mulberry
msthang
mrcool
mousepad
morten
morrison1
moreninha
moore1
monkees
monies
monica13
monchito
monami
mommy8
mobbdeep
mistys
missy5
missy07
missmurder
mishijas
miramar
minute
mindoro
millard
mikey12
mijares
miamorteamo
meylin
mexico01
meamomucho
mcgrath
mateo1
marylin
marmar1
marieke
marie04
mariateamo
marcus12
maracuya
manutd07
mango123
mahoney
mahalnamahalkita
mahal14
magui
magnum1
magnolia1
magic7
madlove
madison6
lyssa
luv2luv
luis16
lucario
loveteam
lover06
lovemybaby
loveme06
lovedad
love#1
losser
lonley
longview
logan5
lobos
liverpool06
liteon
lifeline
lfc123
leyton
letmein!
lepotica
leopold
lavell
lauren14
laundry
lastikman
lashun
larsen
laptop1
laklak
ladydog
ladybug8
ladder
l1verpool
kwang
krissie
knowles
kitty15
king10
killerbee
kikina
kiera1
kiaras
keyword
keyshawn
kevin24
kenzo
kenny7
kellyanne
kelly11
kaylen
kayla06
kayla05
katie23
katelynn1
kakay
kabouter
justforme
justen
junior17
juicyj
juanis
joshua14
joseph14
jose69
jonny5
jjj123
jhelai
jeter1
jesus9
jesus05
jester1
jess18
jerusalen
jeremy01
jemuel
jemimah
jeffjeff
jean12
jayden08
jasonw
jasonkidd
jason15
jarvis1
janine1
jangjang
jamjar
jamieleigh
jamesk
james20
jake05
jaira
jade1
istvan
irockyou
imnotokay
imgood
imaflirt
iluvpaul
iluvluke
iluvandy
iloveyou05
iloveweed
ilovenikki
iloveb5
ilove5
iiiii
iesha
identity
ickkck
icegirl
icecream7
hunter02
housemusic
hotspot
honey!
hondas2000
honda123
hommer
homepage
hola5
heymama
hepburn
hellya
hellspawn
heather7
heather123
haunted
hattrick
harley69
hardman
hannes
gundamwing
gumdrops
guitarman
grace13
gostoso
goodfellas
godis#1
gizmo3
gismo
garfeild
ganjaman
futbolista
fuerte
frontline
friends8
friend2
fresitas
freelove
freefall
foreverfriends
forever5
fordfiesta
football32
fluturash
fluffy12
flower21
flower!
flipflop1
fl0wer
fishhead
firework
firestar
ferndale
fatihah
family13
faith08
fabis
ethan3
erikaa
enters
emilym
elysia
elyse
elvie
elperro
elmo11
elijah3
eamonn
dyllan
dylan05
dumbblonde
duck
dragster
dragonheart
down4life
dopeboy
domini
domenic
dolores1
docinho
disney123
dieter
dianinha
diana13
diablo666
deshun
delsol
debra
death6
davidoff
davicito
dasilva
darlington
danielle123
dancer89
dalisay
daddy07
cutee
cultura
csilla
crystal123
crunk1
crisis
crazybabe
crackhead1
courts
corsa
corky
corey12
cooper12
cooleo
cool21
concert
comel
clint1
classof2004
cisco1
cilacap
chyanne
chrisp
chris4ever
chloe11
chloe10
chilindrina
chickens1
chesse
chelsea06
cheeky123
checo
charlene1
changmin
chameleon
catdog2
casey12
cartago
carissa1
caprichosa
capetown
canucks
cancion
camion
cachondo
cacacaca
cabana
c0mputer
buzzer
butterfly07
bungle
bumface
bugsy
bubbles69
bubbles21
brooke01
broncos7
brittanie
brianne1
brianna12
brezzy
braylon
botchok
bored1
booger12
booboo5
bonkers1
bluestars
bluess
blizzard1
bitch88
billiejo
bigjohn
bigbutt1
bienvenido
biatriz
bhabygurl
bettyb
besito
benfica1
belgica
beetlejuice
beer
beehappy
bebek
bebalinda
beattie
bearhug
batman7
batman3
bassie
baseball15
bartlett
baptista
banda
balot
babyryan
babyjr
babygurl5
babygurl17
babybee
babyb
baby90
baby45
azulyoro
azertyuiop
aylin
aylabyu
austin98
austin!
asero
asd456
artwork
apple24
anthony03
another1
annabanana
angelou
angel32
andyandy
andrew04
andress
andrej
amoureuse
alterego
almada
allmylove
allgood
allday
alhamdulillah
alexubago
alexis14
alexis05
alden
adam13
adam06
aceman
abubakar
abrakadabra
aboutme
Xavier
XIMENA
Whatever
VIRGINIA
SPORTING
ROCKON
PANTERA
PANDA
Orange
MIKEY
MIERDA
MARISSA
Leslie
LUNITA
LOVE01
Kristina
Kristen
Kaylee
JULIUS
ILOVEJESUS
HOTBOY
Gangsta
GODBLESS
Diosesamor
COSITA
CLAIRE
CHARMED
Bowwow
BIGDADDY
Adriana
ANGEL123
ACUARIO
ABRAHAM
753951456
556644
4sisters
4mylove
420666
326598
311292
311092
310886
310785
301193
301093
300992
300589
300188
2kisses
281985
280492
280193
271185
270487
260890
260785
25252
251993
250686
250685
250595
250293
241286
240287
240188
231231
230593
230385
224422
221990
220693
211294
211094
210885
200993
20052006
200485
200388
1joshua
1heaven
1badgirl
199223
199114
198810
191994
191093
191085
190985
190891
190292
181092
180788
180685
180585
171284
161185
150893
141984
140484
140285
130693
12roses
1237895
12345z
123082
122494
122484
122406
122182
122092
122084
121997
121906
121793
121694
120981
120503
113094
112792
112682
112584
112205
112204
111977
111893
111691
111586
111195
111104
110895
110704
110694
102981
102183
102100
102095
101802
101699
101695
101504
101382
101305
101301
10101988
100881
100682
100404
100207
092187
091983
091806
091487
091388
090893
090684
090306
082288
082006
081889
081589
081282
081104
080293
080106
072389
072305
071688
071489
071407
070893
070693
070607
070294
062790
062389
062189
062090
061094
060805
060707
060703
060391
052989
052186
051587
051489
050983
042390
041806
041790
041183
040785
032690
032588
030494
024680